cmb10 CMB10 <cmb10.pfb
cmbsy10 CMBSY10 <cmbsy10.pfb
cmbx10 CMBX10 <cmbx10.pfb
cmbx12 CMBX12 <cmbx12.pfb
cmbx5 CMBX5 <cmbx5.pfb
cmbx6 CMBX6 <cmbx6.pfb
cmbx7 CMBX7 <cmbx7.pfb
cmbx8 CMBX8 <cmbx8.pfb
cmbx9 CMBX9 <cmbx9.pfb
cmbxsl10 CMBXSL10 <cmbxsl10.pfb
cmbxti10 CMBXTI10 <cmbxti10.pfb
cmcsc10 CMCSC10 <cmcsc10.pfb
cmdunh10 CMDUNH10 <cmdunh10.pfb
cmex10 CMEX10 <cmex10.pfb
cmex9 CMEX9 <cmex9.pfb
cmff10 CMFF10 <cmff10.pfb
cmfi10 CMFI10 <cmfi10.pfb
cmfib8 CMFIB8 <cmfib8.pfb
cmitt10 CMITT10 <cmitt10.pfb
cmmi10 CMMI10 <cmmi10.pfb
cmmi12 CMMI12 <cmmi12.pfb
cmmi5 CMMI5 <cmmi5.pfb
cmmi6 CMMI6 <cmmi6.pfb
cmmi7 CMMI7 <cmmi7.pfb
cmmi8 CMMI8 <cmmi8.pfb
cmmi9 CMMI9 <cmmi9.pfb
cmmib10 CMMIB10 <cmmib10.pfb
cmr10 CMR10 <cmr10.pfb
cmr12 CMR12 <cmr12.pfb
cmr17 CMR17 <cmr17.pfb
cmr5 CMR5 <cmr5.pfb
cmr6 CMR6 <cmr6.pfb
cmr7 CMR7 <cmr7.pfb
cmr8 CMR8 <cmr8.pfb
cmr9 CMR9 <cmr9.pfb
cmsl10 CMSL10 <cmsl10.pfb
cmsl12 CMSL12 <cmsl12.pfb
cmsl8 CMSL8 <cmsl8.pfb
cmsl9 CMSL9 <cmsl9.pfb
cmsltt10 CMSLTT10 <cmsltt10.pfb
cmss10 CMSS10 <cmss10.pfb
cmss12 CMSS12 <cmss12.pfb
cmss17 CMSS17 <cmss17.pfb
cmss8 CMSS8 <cmss8.pfb
cmss9 CMSS9 <cmss9.pfb
cmssbx10 CMSSBX10 <cmssbx10.pfb
cmssdc10 CMSSDC10 <cmssdc10.pfb
cmssi10 CMSSI10 <cmssi10.pfb
cmssi12 CMSSI12 <cmssi12.pfb
cmssi17 CMSSI17 <cmssi17.pfb
cmssi8 CMSSI8 <cmssi8.pfb
cmssi9 CMSSI9 <cmssi9.pfb
cmssq8 CMSSQ8 <cmssq8.pfb
cmssqi8 CMSSQI8 <cmssqi8.pfb
cmsy10 CMSY10 <cmsy10.pfb
cmsy5 CMSY5 <cmsy5.pfb
cmsy6 CMSY6 <cmsy6.pfb
cmsy7 CMSY7 <cmsy7.pfb
cmsy8 CMSY8 <cmsy8.pfb
cmsy9 CMSY9 <cmsy9.pfb
cmtcsc10 CMTCSC10 <cmtcsc10.pfb
cmtex10 CMTEX10 <cmtex10.pfb
cmtex8 CMTEX8 <cmtex8.pfb
cmtex9 CMTEX9 <cmtex9.pfb
cmti10 CMTI10 <cmti10.pfb
cmti12 CMTI12 <cmti12.pfb
cmti7 CMTI7 <cmti7.pfb
cmti8 CMTI8 <cmti8.pfb
cmti9 CMTI9 <cmti9.pfb
cmtt10 CMTT10 <cmtt10.pfb
cmtt12 CMTT12 <cmtt12.pfb
cmtt8 CMTT8 <cmtt8.pfb
cmtt9 CMTT9 <cmtt9.pfb
cmu10 CMU10 <cmu10.pfb
cmvtt10 CMVTT10 <cmvtt10.pfb
cmbsy5 CMBSY5 <cmbsy5.pfb
cmbsy6 CMBSY6 <cmbsy6.pfb
cmbsy7 CMBSY7 <cmbsy7.pfb
cmbsy8 CMBSY8 <cmbsy8.pfb
cmbsy9 CMBSY9 <cmbsy9.pfb
cmcsc8 CMCSC8 <cmcsc8.pfb
cmcsc9 CMCSC9 <cmcsc9.pfb
cmex7 CMEX7 <cmex7.pfb
cmex8 CMEX8 <cmex8.pfb
cmmib5 CMMIB5 <cmmib5.pfb
cmmib6 CMMIB6 <cmmib6.pfb
cmmib7 CMMIB7 <cmmib7.pfb
cmmib8 CMMIB8 <cmmib8.pfb
cmmib9 CMMIB9 <cmmib9.pfb
cmllbx10 cmllbx10 <cmllbx10.pfb
cmllbx12 cmllbx12 <cmllbx12.pfb
cmllbx5 cmllbx5 <cmllbx5.pfb
cmllbx6 cmllbx6 <cmllbx6.pfb
cmllbx7 cmllbx7 <cmllbx7.pfb
cmllbx8 cmllbx8 <cmllbx8.pfb
cmllbx9 cmllbx9 <cmllbx9.pfb
cmllr10 cmllr10 <cmllr10.pfb
cmllr12 cmllr12 <cmllr12.pfb
cmllr17 cmllr17 <cmllr17.pfb
cmllr5 cmllr5 <cmllr5.pfb
cmllr6 cmllr6 <cmllr6.pfb
cmllr7 cmllr7 <cmllr7.pfb
cmllr8 cmllr8 <cmllr8.pfb
cmllr9 cmllr9 <cmllr9.pfb
cmllss10 cmllss10 <cmllss10.pfb
cmllss12 cmllss12 <cmllss12.pfb
cmllss17 cmllss17 <cmllss17.pfb
cmllss8 cmllss8 <cmllss8.pfb
cmllss9 cmllss9 <cmllss9.pfb
cmllssbx10 cmllssbx10 <cmllssbx10.pfb
cmbxti12 CMBXTI10 <cmbxti10.pfb
cmbxti7 CMBXTI10 <cmbxti10.pfb
cmitt12 CMITT12 <cmitt10.pfb
cmitt9 CMITT10 <cmitt10.pfb
cmsl6 CMSL8 <cmsl8.pfb
cmsltt9 CMSLTT10 <cmsltt10.pfb
cmbr10 HFBR10 <hfbr10.pfb
cmbr17 HFBR17 <hfbr17.pfb
cmbr8 HFBR8 <hfbr8.pfb
cmbr9 HFBR9 <hfbr9.pfb
cmbras10 HFBRAS10 <hfbras10.pfb
cmbras8 HFBRAS8 <hfbras8.pfb
cmbras9 HFBRAS9 <hfbras9.pfb
cmbrbs10 HFBRBS10 <hfbrbs10.pfb
cmbrbs8 HFBRBS8 <hfbrbs8.pfb
cmbrbs9 HFBRBS9 <hfbrbs9.pfb
cmbrbx10 HFBRBX10 <hfbrbx10.pfb
cmbrmb10 HFBRMB10 <hfbrmb10.pfb
cmbrmi10 HFBRMI10 <hfbrmi10.pfb
cmbrmi8 HFBRMI8 <hfbrmi8.pfb
cmbrmi9 HFBRMI9 <hfbrmi9.pfb
cmbrsl10 HFBRSL10 <hfbrsl10.pfb
cmbrsl17 HFBRSL17 <hfbrsl17.pfb
cmbrsl8 HFBRSL8 <hfbrsl8.pfb
cmbrsl9 HFBRSL9 <hfbrsl9.pfb
cmbrsy10 HFBRSY10 <hfbrsy10.pfb
cmbrsy8 HFBRSY8 <hfbrsy8.pfb
cmbrsy9 HFBRSY9 <hfbrsy9.pfb
cmsltl10 HFSLTL10 <hfsltl10.pfb
cmtl10 HFTL10 <hftl10.pfb
cmcb10 cmcb10 <cmcb10.pfb
cmcbx10 cmcbx10 <cmcbx10.pfb
cmcbx12 cmcbx12 <cmcbx12.pfb
cmcbx5 cmcbx5 <cmcbx5.pfb
cmcbx6 cmcbx6 <cmcbx6.pfb
cmcbx7 cmcbx7 <cmcbx7.pfb
cmcbx8 cmcbx8 <cmcbx8.pfb
cmcbx9 cmcbx9 <cmcbx9.pfb
cmcbxsl10 cmcbxsl10 <cmcbxsl1.pfb
cmcbxti10 cmcbxti10 <cmcbxti1.pfb
cmccsc10 cmccsc10 <cmccsc10.pfb
cmccsc8 cmccsc8 <cmccsc8.pfb
cmccsc9 cmccsc9 <cmccsc9.pfb
cmcitt10 cmcitt10 <cmcitt10.pfb
cmcsl10 cmcsl10 <cmcsl10.pfb
cmcsl12 cmcsl12 <cmcsl12.pfb
cmcsl8 cmcsl8 <cmcsl8.pfb
cmcsl9 cmcsl9 <cmcsl9.pfb
cmcsltt10 cmcsltt10 <cmcsltt1.pfb
cmcss10 cmcss10 <cmcss10.pfb
cmcss12 cmcss12 <cmcss12.pfb
cmcss17 cmcss17 <cmcss17.pfb
cmcss8 cmcss8 <cmcss8.pfb
cmcss9 cmcss9 <cmcss9.pfb
cmcssbx10 cmcssbx10 <cmcssbx1.pfb
cmcssdc10 cmcssdc10 <cmcssdc1.pfb
cmcssi10 cmcssi10 <cmcssi10.pfb
cmcssi12 cmcssi12 <cmcssi12.pfb
cmcssi17 cmcssi17 <cmcssi17.pfb
cmcssi8 cmcssi8 <cmcssi8.pfb
cmcssi9 cmcssi9 <cmcssi9.pfb
cmcssq8 cmcssq8 <cmcssq8.pfb
cmcssqi8 cmcssqi8 <cmcssqi8.pfb
cmcti10 cmcti10 <cmcti10.pfb
cmcti12 cmcti12 <cmcti12.pfb
cmcti7 cmcti7 <cmcti7.pfb
cmcti8 cmcti8 <cmcti8.pfb
cmcti9 cmcti9 <cmcti9.pfb
cmctt10 cmctt10 <cmctt10.pfb
cmctt12 cmctt12 <cmctt12.pfb
cmctt8 cmctt8 <cmctt8.pfb
cmctt9 cmctt9 <cmctt9.pfb
cmcu10 cmcu10 <cmcu10.pfb
cmcyr10 cmcyr10 <cmcyr10.pfb
cmcyr12 cmcyr12 <cmcyr12.pfb
cmcyr17 cmcyr17 <cmcyr17.pfb
cmcyr5 cmcyr5 <cmcyr5.pfb
cmcyr6 cmcyr6 <cmcyr6.pfb
cmcyr7 cmcyr7 <cmcyr7.pfb
cmcyr8 cmcyr8 <cmcyr8.pfb
cmcyr9 cmcyr9 <cmcyr9.pfb
cmexb10 CMEXB10 <cmexb10.pfb
cmin10 CarolinganMinusculesRegular10 <cmin10.pfb
cmin17 CarolinganMinusculesRegular17 <cmin17.pfb
cmin7 CarolinganMinusculesRegular7 <cmin7.pfb
cminb10 CarolinganMinusculesBold10 <cminb10.pfb
cminb17 CarolinganMinusculesBold7 <cminb17.pfb
cminb7 CarolinganMinusculesBold7 <cminb7.pfb
cmssbxo10 ComputerModern-Sans-Bold-Oblique <cmssbxo10.pfb
cmssbsy10 ComputerModernSans-Bold10pt <cmssbsy10.pfb
cmssbsy5 ComputerModernSans-Bold5pt <cmssbsy5.pfb
cmssbsy6 ComputerModernSans-Bold6pt <cmssbsy6.pfb
cmssbsy7 ComputerModernSans-Bold7pt <cmssbsy7.pfb
cmssbsy8 ComputerModernSans-Bold8pt <cmssbsy8.pfb
cmssbsy9 ComputerModernSans-Bold9pt <cmssbsy9.pfb
cmssbx12 ComputerModernSans-BoldExtended12pt <cmssbx12.pfb
cmssbx17 ComputerModernSans-BoldExtended17pt <cmssbx17.pfb
cmssbx8 ComputerModernSans-BoldExtended8pt <cmssbx8.pfb
cmssbx9 ComputerModernSans-BoldExtended9pt <cmssbx9.pfb
cmssbxcsc10 ComputerModernSans-SCBoldExtended10pt <cmssbxcsc10.pfb
cmsscsc10 ComputerModernSans-SCRegular10pt <cmsscsc10.pfb
cmsscsc8 ComputerModernSans-SCRegular8pt <cmsscsc8.pfb
cmsscsc9 ComputerModernSans-SCRegular9pt <cmsscsc9.pfb
cmsscsci10 ComputerModernSans-ItalicRegular10pt <cmsscsci10.pfb
cmsscsci8 ComputerModernSans-ItalicRegular8pt <cmsscsci8.pfb
cmsscsci9 ComputerModernSans-ItalicRegular9pt <cmsscsci9.pfb
cmssex10 ComputerModernSans-MathextensionRegular10pt <cmssex10.pfb
cmssex7 ComputerModernSans-MathextensionRegular7pt <cmssex7.pfb
cmssex8 ComputerModernSans-MathextensionRegular8pt <cmssex8.pfb
cmssex9 ComputerModernSans-MathextensionRegular9pt <cmssex9.pfb
cmssmi10 ComputerModernSans-MathitalicRegular10pt <cmssmi10.pfb
cmssmi5 ComputerModernSans-MathitalicRegular5pt <cmssmi5.pfb
cmssmi6 ComputerModernSans-MathitalicRegular6pt <cmssmi6.pfb
cmssmi7 ComputerModernSans-MathitalicRegular7pt <cmssmi7.pfb
cmssmi8 ComputerModernSans-MathitalicRegular8pt <cmssmi8.pfb
cmssmi9 ComputerModernSans-MathitalicRegular9pt <cmssmi9.pfb
cmssmib10 ComputerModernSans-MathitalicBold10pt <cmssmib10.pfb
cmssmib5 ComputerModernSans-MathitalicBold5pt <cmssmib5.pfb
cmssmib6 ComputerModernSans-MathitalicBold6pt <cmssmib6.pfb
cmssmib7 ComputerModernSans-MathitalicBold7pt <cmssmib7.pfb
cmssmib8 ComputerModernSans-MathitalicBold8pt <cmssmib8.pfb
cmssmib9 ComputerModernSans-MathitalicBold9pt <cmssmib9.pfb
cmsssy10 ComputerModernSans-Regular10pt <cmsssy10.pfb
cmsssy5 ComputerModernSans-Regular5pt <cmsssy5.pfb
cmsssy6 ComputerModernSans-Regular6pt <cmsssy6.pfb
cmsssy7 ComputerModernSans-Regular7pt <cmsssy7.pfb
cmsssy8 ComputerModernSans-Regular8pt <cmsssy8.pfb
cmsssy9 ComputerModernSans-Regular9pt <cmsssy9.pfb
cmssu10 ComputerModernSans-UnslanteditalicRegular10pt <cmssu10.pfb
cmssxi10 ComputerModernSans-ItalicRegularExtended10pt <cmssxi10.pfb
cmssxi12 ComputerModernSans-ItalicRegularExtended12pt <cmssxi12.pfb
cmssxi17 ComputerModernSans-ItalicRegularExtended17pt <cmssxi17.pfb
cmssxi8 ComputerModernSans-ItalicRegularExtended8pt <cmssxi8.pfb
cmssxi9 ComputerModernSans-ItalicRegularExtended9pt <cmssxi9.pfb
cmssxicsc10 ComputerModernSans-ItalicRegularExtended10pt <cmssxicsc10.pfb
